// Jest Snapshot v1, https://goo.gl/fbAQLP

exports[`tsconfig paths hooks should remove unused imports 1`] = `
Map {
  "dist/foo.js" => "\\"use strict\\";
Object.defineProperty(exports, \\"__esModule\\", { value: true });
exports.Foo = void 0;
class Foo {
}
exports.Foo = Foo;
",
  "dist/bar.js" => "\\"use strict\\";
Object.defineProperty(exports, \\"__esModule\\", { value: true });
exports.Bar = void 0;
class Bar {
}
exports.Bar = Bar;
",
  "dist/main.js" => "\\"use strict\\";
Object.defineProperty(exports, \\"__esModule\\", { value: true });
",
}
`;
